Archive member included because of file (symbol)

c:/ac6/systemworkbench/plugins/fr.ac6.mcu.externaltools.arm-none.win32_1.0.0.201410081102/tools/compiler/bin/../lib/gcc/arm-none-eabi/4.8.4/../../../../arm-none-eabi/lib/armv7e-m\libc.a(lib_a-errno.o)
                              ./src/syscalls.o (__errno)
c:/ac6/systemworkbench/plugins/fr.ac6.mcu.externaltools.arm-none.win32_1.0.0.201410081102/tools/compiler/bin/../lib/gcc/arm-none-eabi/4.8.4/../../../../arm-none-eabi/lib/armv7e-m\libc.a(lib_a-exit.o)
                              c:/ac6/systemworkbench/plugins/fr.ac6.mcu.externaltools.arm-none.win32_1.0.0.201410081102/tools/compiler/bin/../lib/gcc/arm-none-eabi/4.8.4/../../../../arm-none-eabi/lib/armv7e-m/crt0.o (exit)
c:/ac6/systemworkbench/plugins/fr.ac6.mcu.externaltools.arm-none.win32_1.0.0.201410081102/tools/compiler/bin/../lib/gcc/arm-none-eabi/4.8.4/../../../../arm-none-eabi/lib/armv7e-m\libc.a(lib_a-impure.o)
                              c:/ac6/systemworkbench/plugins/fr.ac6.mcu.externaltools.arm-none.win32_1.0.0.201410081102/tools/compiler/bin/../lib/gcc/arm-none-eabi/4.8.4/../../../../arm-none-eabi/lib/armv7e-m\libc.a(lib_a-exit.o) (_global_impure_ptr)
c:/ac6/systemworkbench/plugins/fr.ac6.mcu.externaltools.arm-none.win32_1.0.0.201410081102/tools/compiler/bin/../lib/gcc/arm-none-eabi/4.8.4/../../../../arm-none-eabi/lib/armv7e-m\libc.a(lib_a-init.o)
                              c:/ac6/systemworkbench/plugins/fr.ac6.mcu.externaltools.arm-none.win32_1.0.0.201410081102/tools/compiler/bin/../lib/gcc/arm-none-eabi/4.8.4/../../../../arm-none-eabi/lib/armv7e-m/crt0.o (__libc_init_array)
c:/ac6/systemworkbench/plugins/fr.ac6.mcu.externaltools.arm-none.win32_1.0.0.201410081102/tools/compiler/bin/../lib/gcc/arm-none-eabi/4.8.4/../../../../arm-none-eabi/lib/armv7e-m\libc.a(lib_a-memset.o)
                              c:/ac6/systemworkbench/plugins/fr.ac6.mcu.externaltools.arm-none.win32_1.0.0.201410081102/tools/compiler/bin/../lib/gcc/arm-none-eabi/4.8.4/../../../../arm-none-eabi/lib/armv7e-m/crt0.o (memset)
c:/ac6/systemworkbench/plugins/fr.ac6.mcu.externaltools.arm-none.win32_1.0.0.201410081102/tools/compiler/bin/../lib/gcc/arm-none-eabi/4.8.4/../../../../arm-none-eabi/lib/armv7e-m\libc.a(lib_a-__call_atexit.o)
                              c:/ac6/systemworkbench/plugins/fr.ac6.mcu.externaltools.arm-none.win32_1.0.0.201410081102/tools/compiler/bin/../lib/gcc/arm-none-eabi/4.8.4/../../../../arm-none-eabi/lib/armv7e-m\libc.a(lib_a-exit.o) (__call_exitprocs)
c:/ac6/systemworkbench/plugins/fr.ac6.mcu.externaltools.arm-none.win32_1.0.0.201410081102/tools/compiler/bin/../lib/gcc/arm-none-eabi/4.8.4/../../../../arm-none-eabi/lib/armv7e-m\libc.a(lib_a-atexit.o)
                              c:/ac6/systemworkbench/plugins/fr.ac6.mcu.externaltools.arm-none.win32_1.0.0.201410081102/tools/compiler/bin/../lib/gcc/arm-none-eabi/4.8.4/../../../../arm-none-eabi/lib/armv7e-m\libc.a(lib_a-__call_atexit.o) (atexit)
c:/ac6/systemworkbench/plugins/fr.ac6.mcu.externaltools.arm-none.win32_1.0.0.201410081102/tools/compiler/bin/../lib/gcc/arm-none-eabi/4.8.4/../../../../arm-none-eabi/lib/armv7e-m\libc.a(lib_a-fini.o)
                              c:/ac6/systemworkbench/plugins/fr.ac6.mcu.externaltools.arm-none.win32_1.0.0.201410081102/tools/compiler/bin/../lib/gcc/arm-none-eabi/4.8.4/../../../../arm-none-eabi/lib/armv7e-m\libc.a(lib_a-__call_atexit.o) (__libc_fini_array)
c:/ac6/systemworkbench/plugins/fr.ac6.mcu.externaltools.arm-none.win32_1.0.0.201410081102/tools/compiler/bin/../lib/gcc/arm-none-eabi/4.8.4/../../../../arm-none-eabi/lib/armv7e-m\libc.a(lib_a-__atexit.o)
                              c:/ac6/systemworkbench/plugins/fr.ac6.mcu.externaltools.arm-none.win32_1.0.0.201410081102/tools/compiler/bin/../lib/gcc/arm-none-eabi/4.8.4/../../../../arm-none-eabi/lib/armv7e-m\libc.a(lib_a-atexit.o) (__register_exitproc)

Discarded input sections

 .text          0x00000000        0x0 c:/ac6/systemworkbench/plugins/fr.ac6.mcu.externaltools.arm-none.win32_1.0.0.201410081102/tools/compiler/bin/../lib/gcc/arm-none-eabi/4.8.4/armv7e-m/crti.o
 .data          0x00000000        0x0 c:/ac6/systemworkbench/plugins/fr.ac6.mcu.externaltools.arm-none.win32_1.0.0.201410081102/tools/compiler/bin/../lib/gcc/arm-none-eabi/4.8.4/armv7e-m/crti.o
 .bss           0x00000000        0x0 c:/ac6/systemworkbench/plugins/fr.ac6.mcu.externaltools.arm-none.win32_1.0.0.201410081102/tools/compiler/bin/../lib/gcc/arm-none-eabi/4.8.4/armv7e-m/crti.o
 .data          0x00000000        0x4 c:/ac6/systemworkbench/plugins/fr.ac6.mcu.externaltools.arm-none.win32_1.0.0.201410081102/tools/compiler/bin/../lib/gcc/arm-none-eabi/4.8.4/armv7e-m/crtbegin.o
 .text          0x00000000       0x74 c:/ac6/systemworkbench/plugins/fr.ac6.mcu.externaltools.arm-none.win32_1.0.0.201410081102/tools/compiler/bin/../lib/gcc/arm-none-eabi/4.8.4/../../../../arm-none-eabi/lib/armv7e-m/crt0.o
 .data          0x00000000        0x0 c:/ac6/systemworkbench/plugins/fr.ac6.mcu.externaltools.arm-none.win32_1.0.0.201410081102/tools/compiler/bin/../lib/gcc/arm-none-eabi/4.8.4/../../../../arm-none-eabi/lib/armv7e-m/crt0.o
 .bss           0x00000000        0x0 c:/ac6/systemworkbench/plugins/fr.ac6.mcu.externaltools.arm-none.win32_1.0.0.201410081102/tools/compiler/bin/../lib/gcc/arm-none-eabi/4.8.4/../../../../arm-none-eabi/lib/armv7e-m/crt0.o
 .ARM.extab     0x00000000        0x0 c:/ac6/systemworkbench/plugins/fr.ac6.mcu.externaltools.arm-none.win32_1.0.0.201410081102/tools/compiler/bin/../lib/gcc/arm-none-eabi/4.8.4/../../../../arm-none-eabi/lib/armv7e-m/crt0.o
 .ARM.exidx     0x00000000        0x8 c:/ac6/systemworkbench/plugins/fr.ac6.mcu.externaltools.arm-none.win32_1.0.0.201410081102/tools/compiler/bin/../lib/gcc/arm-none-eabi/4.8.4/../../../../arm-none-eabi/lib/armv7e-m/crt0.o
 .ARM.attributes
                0x00000000       0x1c c:/ac6/systemworkbench/plugins/fr.ac6.mcu.externaltools.arm-none.win32_1.0.0.201410081102/tools/compiler/bin/../lib/gcc/arm-none-eabi/4.8.4/../../../../arm-none-eabi/lib/armv7e-m/crt0.o
 .text          0x00000000       0x14 ./startup/startup_stm32f401xx.o
 .data          0x00000000        0x0 ./startup/startup_stm32f401xx.o
 .bss           0x00000000        0x0 ./startup/startup_stm32f401xx.o
 .group         0x00000000        0x8 ./src/main.o
 .group         0x00000000        0x8 ./src/main.o
 .group         0x00000000        0x8 ./src/main.o
 .group         0x00000000        0x8 ./src/main.o
 .group         0x00000000        0x8 ./src/main.o
 .group         0x00000000        0x8 ./src/main.o
 .group         0x00000000        0x8 ./src/main.o
 .group         0x00000000        0x8 ./src/main.o
 .group         0x00000000        0x8 ./src/main.o
 .group         0x00000000        0x8 ./src/main.o
 .group         0x00000000        0x8 ./src/main.o
 .group         0x00000000        0x8 ./src/main.o
 .group         0x00000000        0x8 ./src/main.o
 .group         0x00000000        0x8 ./src/main.o
 .group         0x00000000        0x8 ./src/main.o
 .group         0x00000000        0x8 ./src/main.o
 .group         0x00000000        0x8 ./src/main.o
 .group         0x00000000        0x8 ./src/main.o
 .group         0x00000000        0x8 ./src/main.o
 .group         0x00000000        0x8 ./src/main.o
 .group         0x00000000        0x8 ./src/main.o
 .group         0x00000000        0x8 ./src/main.o
 .group         0x00000000        0x8 ./src/main.o
 .group         0x00000000        0x8 ./src/main.o
 .group         0x00000000        0x8 ./src/main.o
 .group         0x00000000        0x8 ./src/main.o
 .group         0x00000000        0x8 ./src/main.o
 .group         0x00000000        0x8 ./src/main.o
 .group         0x00000000        0x8 ./src/main.o
 .group         0x00000000        0x8 ./src/main.o
 .group         0x00000000        0x8 ./src/main.o
 .group         0x00000000        0x8 ./src/main.o
 .text          0x00000000        0x0 ./src/main.o
 .data          0x00000000        0x0 ./src/main.o
 .bss           0x00000000        0x0 ./src/main.o
 .group         0x00000000        0x8 ./src/syscalls.o
 .group         0x00000000        0x8 ./src/syscalls.o
 .group         0x00000000        0x8 ./src/syscalls.o
 .group         0x00000000        0x8 ./src/syscalls.o
 .group         0x00000000        0x8 ./src/syscalls.o
 .group         0x00000000        0x8 ./src/syscalls.o
 .group         0x00000000        0x8 ./src/syscalls.o
 .group         0x00000000        0x8 ./src/syscalls.o
 .group         0x00000000        0x8 ./src/syscalls.o
 .group         0x00000000        0x8 ./src/syscalls.o
 .group         0x00000000        0x8 ./src/syscalls.o
 .group         0x00000000        0x8 ./src/syscalls.o
 .group         0x00000000        0x8 ./src/syscalls.o
 .group         0x00000000        0x8 ./src/syscalls.o
 .group         0x00000000        0x8 ./src/syscalls.o
 .group         0x00000000        0x8 ./src/syscalls.o
 .group         0x00000000        0x8 ./src/syscalls.o
 .group         0x00000000        0x8 ./src/syscalls.o
 .group         0x00000000        0x8 ./src/syscalls.o
 .group         0x00000000        0x8 ./src/syscalls.o
 .group         0x00000000        0x8 ./src/syscalls.o
 .group         0x00000000        0x8 ./src/syscalls.o
 .group         0x00000000        0x8 ./src/syscalls.o
 .group         0x00000000        0x8 ./src/syscalls.o
 .group         0x00000000        0x8 ./src/syscalls.o
 .group         0x00000000        0x8 ./src/syscalls.o
 .group         0x00000000        0x8 ./src/syscalls.o
 .group         0x00000000        0x8 ./src/syscalls.o
 .group         0x00000000        0x8 ./src/syscalls.o
 .group         0x00000000        0x8 ./src/syscalls.o
 .group         0x00000000        0x8 ./src/syscalls.o
 .group         0x00000000        0x8 ./src/syscalls.o
 .text          0x00000000        0x0 ./src/syscalls.o
 .data          0x00000000        0x4 ./src/syscalls.o
 .bss           0x00000000        0x8 ./src/syscalls.o
 .text.initialise_monitor_handles
                0x00000000        0xc ./src/syscalls.o
 .text._getpid  0x00000000       0x10 ./src/syscalls.o
 .text._kill    0x00000000       0x20 ./src/syscalls.o
 .text._exit    0x00000000       0x14 ./src/syscalls.o
 .text._read    0x00000000       0x3c ./src/syscalls.o
 .text._write   0x00000000       0x38 ./src/syscalls.o
 .text._sbrk    0x00000000       0x58 ./src/syscalls.o
 .text._close   0x00000000       0x18 ./src/syscalls.o
 .text._fstat   0x00000000       0x20 ./src/syscalls.o
 .text._isatty  0x00000000       0x18 ./src/syscalls.o
 .text._lseek   0x00000000       0x1c ./src/syscalls.o
 .text._open    0x00000000       0x1c ./src/syscalls.o
 .text._wait    0x00000000       0x20 ./src/syscalls.o
 .text._unlink  0x00000000       0x20 ./src/syscalls.o
 .text._times   0x00000000       0x18 ./src/syscalls.o
 .text._stat    0x00000000       0x20 ./src/syscalls.o
 .text._link    0x00000000       0x20 ./src/syscalls.o
 .text._fork    0x00000000       0x18 ./src/syscalls.o
 .text._execve  0x00000000       0x24 ./src/syscalls.o
 .debug_info    0x00000000      0x660 ./src/syscalls.o
 .debug_abbrev  0x00000000      0x174 ./src/syscalls.o
 .debug_aranges
                0x00000000       0xb0 ./src/syscalls.o
 .debug_ranges  0x00000000       0xa0 ./src/syscalls.o
 .debug_macro   0x00000000      0x190 ./src/syscalls.o
 .debug_macro   0x00000000      0x868 ./src/syscalls.o
 .debug_macro   0x00000000       0x58 ./src/syscalls.o
 .debug_macro   0x00000000       0x16 ./src/syscalls.o
 .debug_macro   0x00000000       0x35 ./src/syscalls.o
 .debug_macro   0x00000000       0xa2 ./src/syscalls.o
 .debug_macro   0x00000000      0x166 ./src/syscalls.o
 .debug_macro   0x00000000       0x4a ./src/syscalls.o
 .debug_macro   0x00000000       0x52 ./src/syscalls.o
 .debug_macro   0x00000000       0x16 ./src/syscalls.o
 .debug_macro   0x00000000       0x43 ./src/syscalls.o
 .debug_macro   0x00000000      0x180 ./src/syscalls.o
 .debug_macro   0x00000000       0x10 ./src/syscalls.o
 .debug_macro   0x00000000       0x35 ./src/syscalls.o
 .debug_macro   0x00000000       0x10 ./src/syscalls.o
 .debug_macro   0x00000000       0x10 ./src/syscalls.o
 .debug_macro   0x00000000       0x10 ./src/syscalls.o
 .debug_macro   0x00000000       0x22 ./src/syscalls.o
 .debug_macro   0x00000000       0xbd ./src/syscalls.o
 .debug_macro   0x00000000       0x35 ./src/syscalls.o
 .debug_macro   0x00000000      0x120 ./src/syscalls.o
 .debug_macro   0x00000000       0x16 ./src/syscalls.o
 .debug_macro   0x00000000       0x16 ./src/syscalls.o
 .debug_macro   0x00000000       0x29 ./src/syscalls.o
 .debug_macro   0x00000000       0x10 ./src/syscalls.o
 .debug_macro   0x00000000      0x241 ./src/syscalls.o
 .debug_macro   0x00000000       0x1c ./src/syscalls.o
 .debug_macro   0x00000000       0x10 ./src/syscalls.o
 .debug_macro   0x00000000       0x16 ./src/syscalls.o
 .debug_macro   0x00000000      0x16c ./src/syscalls.o
 .debug_macro   0x00000000      0x13a ./src/syscalls.o
 .debug_macro   0x00000000       0x16 ./src/syscalls.o
 .debug_macro   0x00000000       0x22 ./src/syscalls.o
 .debug_line    0x00000000      0x518 ./src/syscalls.o
 .debug_str     0x00000000     0x56cb ./src/syscalls.o
 .comment       0x00000000       0x71 ./src/syscalls.o
 .ARM.attributes
                0x00000000       0x33 ./src/syscalls.o
 .debug_frame   0x00000000      0x248 ./src/syscalls.o
 .group         0x00000000        0x8 ./src/system_stm32f4xx.o
 .group         0x00000000        0x8 ./src/system_stm32f4xx.o
 .group         0x00000000        0x8 ./src/system_stm32f4xx.o
 .group         0x00000000        0x8 ./src/system_stm32f4xx.o
 .group         0x00000000        0x8 ./src/system_stm32f4xx.o
 .group         0x00000000        0x8 ./src/system_stm32f4xx.o
 .group         0x00000000        0x8 ./src/system_stm32f4xx.o
 .group         0x00000000        0x8 ./src/system_stm32f4xx.o
 .group         0x00000000        0x8 ./src/system_stm32f4xx.o
 .group         0x00000000        0x8 ./src/system_stm32f4xx.o
 .group         0x00000000        0x8 ./src/system_stm32f4xx.o
 .group         0x00000000        0x8 ./src/system_stm32f4xx.o
 .group         0x00000000        0x8 ./src/system_stm32f4xx.o
 .group         0x00000000        0x8 ./src/system_stm32f4xx.o
 .group         0x00000000        0x8 ./src/system_stm32f4xx.o
 .group         0x00000000        0x8 ./src/system_stm32f4xx.o
 .group         0x00000000        0x8 ./src/system_stm32f4xx.o
 .group         0x00000000        0x8 ./src/system_stm32f4xx.o
 .group         0x00000000        0x8 ./src/system_stm32f4xx.o
 .group         0x00000000        0x8 ./src/system_stm32f4xx.o
 .group         0x00000000        0x8 ./src/system_stm32f4xx.o
 .group         0x00000000        0x8 ./src/system_stm32f4xx.o
 .group         0x00000000        0x8 ./src/system_stm32f4xx.o
 .group         0x00000000        0x8 ./src/system_stm32f4xx.o
 .group         0x00000000        0x8 ./src/system_stm32f4xx.o
 .group         0x00000000        0x8 ./src/system_stm32f4xx.o
 .group         0x00000000        0x8 ./src/system_stm32f4xx.o
 .group         0x00000000        0x8 ./src/system_stm32f4xx.o
 .group         0x00000000        0x8 ./src/system_stm32f4xx.o
 .group         0x00000000        0x8 ./src/system_stm32f4xx.o
 .group         0x00000000        0x8 ./src/system_stm32f4xx.o
 .text          0x00000000        0x0 ./src/system_stm32f4xx.o
 .data          0x00000000       0x14 ./src/system_stm32f4xx.o
 .bss           0x00000000        0x0 ./src/system_stm32f4xx.o
 .text.SystemCoreClockUpdate
                0x00000000       0xf8 ./src/system_stm32f4xx.o
 .debug_macro   0x00000000      0x868 ./src/system_stm32f4xx.o
 .debug_macro   0x00000000       0x64 ./src/system_stm32f4xx.o
 .debug_macro   0x00000000       0x3b ./src/system_stm32f4xx.o
 .debug_macro   0x00000000       0x16 ./src/system_stm32f4xx.o
 .debug_macro   0x00000000       0x44 ./src/system_stm32f4xx.o
 .debug_macro   0x00000000      0x209 ./src/system_stm32f4xx.o
 .debug_macro   0x00000000       0x2d ./src/system_stm32f4xx.o
 .debug_macro   0x00000000       0x42 ./src/system_stm32f4xx.o
 .debug_macro   0x00000000      0xd39 ./src/system_stm32f4xx.o
 .debug_macro   0x00000000     0x796c ./src/system_stm32f4xx.o
 .debug_macro   0x00000000       0x16 ./src/system_stm32f4xx.o
 .debug_macro   0x00000000      0x44f ./src/system_stm32f4xx.o
 .debug_macro   0x00000000       0xb2 ./src/system_stm32f4xx.o
 .debug_macro   0x00000000      0x477 ./src/system_stm32f4xx.o
 .debug_macro   0x00000000       0xae ./src/system_stm32f4xx.o
 .debug_macro   0x00000000      0x41c ./src/system_stm32f4xx.o
 .debug_macro   0x00000000      0x29d ./src/system_stm32f4xx.o
 .debug_macro   0x00000000      0x2bb ./src/system_stm32f4xx.o
 .debug_macro   0x00000000       0x64 ./src/system_stm32f4xx.o
 .debug_macro   0x00000000       0xcd ./src/system_stm32f4xx.o
 .debug_macro   0x00000000      0x628 ./src/system_stm32f4xx.o
 .debug_macro   0x00000000       0x40 ./src/system_stm32f4xx.o
 .debug_macro   0x00000000      0x57b ./src/system_stm32f4xx.o
 .debug_macro   0x00000000      0x342 ./src/system_stm32f4xx.o
 .debug_macro   0x00000000      0x36c ./src/system_stm32f4xx.o
 .debug_macro   0x00000000       0xf0 ./src/system_stm32f4xx.o
 .debug_macro   0x00000000      0x73b ./src/system_stm32f4xx.o
 .debug_macro   0x00000000      0x223 ./src/system_stm32f4xx.o
 .debug_macro   0x00000000       0x34 ./src/system_stm32f4xx.o
 .debug_macro   0x00000000       0x82 ./src/system_stm32f4xx.o
 .debug_macro   0x00000000       0x35 ./src/system_stm32f4xx.o
 .text          0x00000000        0x0 c:/ac6/systemworkbench/plugins/fr.ac6.mcu.externaltools.arm-none.win32_1.0.0.201410081102/tools/compiler/bin/../lib/gcc/arm-none-eabi/4.8.4/../../../../arm-none-eabi/lib/armv7e-m\libc.a(lib_a-errno.o)
 .data          0x00000000        0x0 c:/ac6/systemworkbench/plugins/fr.ac6.mcu.externaltools.arm-none.win32_1.0.0.201410081102/tools/compiler/bin/../lib/gcc/arm-none-eabi/4.8.4/../../../../arm-none-eabi/lib/armv7e-m\libc.a(lib_a-errno.o)
 .bss           0x00000000        0x0 c:/ac6/systemworkbench/plugins/fr.ac6.mcu.externaltools.arm-none.win32_1.0.0.201410081102/tools/compiler/bin/../lib/gcc/arm-none-eabi/4.8.4/../../../../arm-none-eabi/lib/armv7e-m\libc.a(lib_a-errno.o)
 .text.__errno  0x00000000        0xc c:/ac6/systemworkbench/plugins/fr.ac6.mcu.externaltools.arm-none.win32_1.0.0.201410081102/tools/compiler/bin/../lib/gcc/arm-none-eabi/4.8.4/../../../../arm-none-eabi/lib/armv7e-m\libc.a(lib_a-errno.o)
 .ARM.attributes
                0x00000000       0x2e c:/ac6/systemworkbench/plugins/fr.ac6.mcu.externaltools.arm-none.win32_1.0.0.201410081102/tools/compiler/bin/../lib/gcc/arm-none-eabi/4.8.4/../../../../arm-none-eabi/lib/armv7e-m\libc.a(lib_a-errno.o)
 .debug_frame   0x00000000       0x20 c:/ac6/systemworkbench/plugins/fr.ac6.mcu.externaltools.arm-none.win32_1.0.0.201410081102/tools/compiler/bin/../lib/gcc/arm-none-eabi/4.8.4/../../../../arm-none-eabi/lib/armv7e-m\libc.a(lib_a-errno.o)
 .text          0x00000000        0x0 c:/ac6/systemworkbench/plugins/fr.ac6.mcu.externaltools.arm-none.win32_1.0.0.201410081102/tools/compiler/bin/../lib/gcc/arm-none-eabi/4.8.4/../../../../arm-none-eabi/lib/armv7e-m\libc.a(lib_a-exit.o)
 .data          0x00000000        0x0 c:/ac6/systemworkbench/plugins/fr.ac6.mcu.externaltools.arm-none.win32_1.0.0.201410081102/tools/compiler/bin/../lib/gcc/arm-none-eabi/4.8.4/../../../../arm-none-eabi/lib/armv7e-m\libc.a(lib_a-exit.o)
 .bss           0x00000000        0x0 c:/ac6/systemworkbench/plugins/fr.ac6.mcu.externaltools.arm-none.win32_1.0.0.201410081102/tools/compiler/bin/../lib/gcc/arm-none-eabi/4.8.4/../../../../arm-none-eabi/lib/armv7e-m\libc.a(lib_a-exit.o)
 .text.exit     0x00000000       0x20 c:/ac6/systemworkbench/plugins/fr.ac6.mcu.externaltools.arm-none.win32_1.0.0.201410081102/tools/compiler/bin/../lib/gcc/arm-none-eabi/4.8.4/../../../../arm-none-eabi/lib/armv7e-m\libc.a(lib_a-exit.o)
 .ARM.attributes
                0x00000000       0x2e c:/ac6/systemworkbench/plugins/fr.ac6.mcu.externaltools.arm-none.win32_1.0.0.201410081102/tools/compiler/bin/../lib/gcc/arm-none-eabi/4.8.4/../../../../arm-none-eabi/lib/armv7e-m\libc.a(lib_a-exit.o)
 .debug_frame   0x00000000       0x28 c:/ac6/systemworkbench/plugins/fr.ac6.mcu.externaltools.arm-none.win32_1.0.0.201410081102/tools/compiler/bin/../lib/gcc/arm-none-eabi/4.8.4/../../../../arm-none-eabi/lib/armv7e-m\libc.a(lib_a-exit.o)
 .text          0x00000000        0x0 c:/ac6/systemworkbench/plugins/fr.ac6.mcu.externaltools.arm-none.win32_1.0.0.201410081102/tools/compiler/bin/../lib/gcc/arm-none-eabi/4.8.4/../../../../arm-none-eabi/lib/armv7e-m\libc.a(lib_a-impure.o)
 .data          0x00000000        0x0 c:/ac6/systemworkbench/plugins/fr.ac6.mcu.externaltools.arm-none.win32_1.0.0.201410081102/tools/compiler/bin/../lib/gcc/arm-none-eabi/4.8.4/../../../../arm-none-eabi/lib/armv7e-m\libc.a(lib_a-impure.o)
 .bss           0x00000000        0x0 c:/ac6/systemworkbench/plugins/fr.ac6.mcu.externaltools.arm-none.win32_1.0.0.201410081102/tools/compiler/bin/../lib/gcc/arm-none-eabi/4.8.4/../../../../arm-none-eabi/lib/armv7e-m\libc.a(lib_a-impure.o)
 .data._impure_ptr
                0x00000000        0x4 c:/ac6/systemworkbench/plugins/fr.ac6.mcu.externaltools.arm-none.win32_1.0.0.201410081102/tools/compiler/bin/../lib/gcc/arm-none-eabi/4.8.4/../../../../arm-none-eabi/lib/armv7e-m\libc.a(lib_a-impure.o)
 .text          0x00000000        0x0 c:/ac6/systemworkbench/plugins/fr.ac6.mcu.externaltools.arm-none.win32_1.0.0.201410081102/tools/compiler/bin/../lib/gcc/arm-none-eabi/4.8.4/../../../../arm-none-eabi/lib/armv7e-m\libc.a(lib_a-init.o)
 .data          0x00000000        0x0 c:/ac6/systemworkbench/plugins/fr.ac6.mcu.externaltools.arm-none.win32_1.0.0.201410081102/tools/compiler/bin/../lib/gcc/arm-none-eabi/4.8.4/../../../../arm-none-eabi/lib/armv7e-m\libc.a(lib_a-init.o)
 .bss           0x00000000        0x0 c:/ac6/systemworkbench/plugins/fr.ac6.mcu.externaltools.arm-none.win32_1.0.0.201410081102/tools/compiler/bin/../lib/gcc/arm-none-eabi/4.8.4/../../../../arm-none-eabi/lib/armv7e-m\libc.a(lib_a-init.o)
 .text          0x00000000        0x0 c:/ac6/systemworkbench/plugins/fr.ac6.mcu.externaltools.arm-none.win32_1.0.0.201410081102/tools/compiler/bin/../lib/gcc/arm-none-eabi/4.8.4/../../../../arm-none-eabi/lib/armv7e-m\libc.a(lib_a-memset.o)
 .data          0x00000000        0x0 c:/ac6/systemworkbench/plugins/fr.ac6.mcu.externaltools.arm-none.win32_1.0.0.201410081102/tools/compiler/bin/../lib/gcc/arm-none-eabi/4.8.4/../../../../arm-none-eabi/lib/armv7e-m\libc.a(lib_a-memset.o)
 .bss           0x00000000        0x0 c:/ac6/systemworkbench/plugins/fr.ac6.mcu.externaltools.arm-none.win32_1.0.0.201410081102/tools/compiler/bin/../lib/gcc/arm-none-eabi/4.8.4/../../../../arm-none-eabi/lib/armv7e-m\libc.a(lib_a-memset.o)
 .text.memset   0x00000000       0x94 c:/ac6/systemworkbench/plugins/fr.ac6.mcu.externaltools.arm-none.win32_1.0.0.201410081102/tools/compiler/bin/../lib/gcc/arm-none-eabi/4.8.4/../../../../arm-none-eabi/lib/armv7e-m\libc.a(lib_a-memset.o)
 .ARM.attributes
                0x00000000       0x2e c:/ac6/systemworkbench/plugins/fr.ac6.mcu.externaltools.arm-none.win32_1.0.0.201410081102/tools/compiler/bin/../lib/gcc/arm-none-eabi/4.8.4/../../../../arm-none-eabi/lib/armv7e-m\libc.a(lib_a-memset.o)
 .debug_frame   0x00000000       0x2c c:/ac6/systemworkbench/plugins/fr.ac6.mcu.externaltools.arm-none.win32_1.0.0.201410081102/tools/compiler/bin/../lib/gcc/arm-none-eabi/4.8.4/../../../../arm-none-eabi/lib/armv7e-m\libc.a(lib_a-memset.o)
 .text          0x00000000        0x0 c:/ac6/systemworkbench/plugins/fr.ac6.mcu.externaltools.arm-none.win32_1.0.0.201410081102/tools/compiler/bin/../lib/gcc/arm-none-eabi/4.8.4/../../../../arm-none-eabi/lib/armv7e-m\libc.a(lib_a-__call_atexit.o)
 .data          0x00000000        0x0 c:/ac6/systemworkbench/plugins/fr.ac6.mcu.externaltools.arm-none.win32_1.0.0.201410081102/tools/compiler/bin/../lib/gcc/arm-none-eabi/4.8.4/../../../../arm-none-eabi/lib/armv7e-m\libc.a(lib_a-__call_atexit.o)
 .bss           0x00000000        0x0 c:/ac6/systemworkbench/plugins/fr.ac6.mcu.externaltools.arm-none.win32_1.0.0.201410081102/tools/compiler/bin/../lib/gcc/arm-none-eabi/4.8.4/../../../../arm-none-eabi/lib/armv7e-m\libc.a(lib_a-__call_atexit.o)
 .text.__call_exitprocs
                0x00000000       0xf0 c:/ac6/systemworkbench/plugins/fr.ac6.mcu.externaltools.arm-none.win32_1.0.0.201410081102/tools/compiler/bin/../lib/gcc/arm-none-eabi/4.8.4/../../../../arm-none-eabi/lib/armv7e-m\libc.a(lib_a-__call_atexit.o)
 .text          0x00000000        0x0 c:/ac6/systemworkbench/plugins/fr.ac6.mcu.externaltools.arm-none.win32_1.0.0.201410081102/tools/compiler/bin/../lib/gcc/arm-none-eabi/4.8.4/../../../../arm-none-eabi/lib/armv7e-m\libc.a(lib_a-atexit.o)
 .data          0x00000000        0x0 c:/ac6/systemworkbench/plugins/fr.ac6.mcu.externaltools.arm-none.win32_1.0.0.201410081102/tools/compiler/bin/../lib/gcc/arm-none-eabi/4.8.4/../../../../arm-none-eabi/lib/armv7e-m\libc.a(lib_a-atexit.o)
 .bss           0x00000000        0x0 c:/ac6/systemworkbench/plugins/fr.ac6.mcu.externaltools.arm-none.win32_1.0.0.201410081102/tools/compiler/bin/../lib/gcc/arm-none-eabi/4.8.4/../../../../arm-none-eabi/lib/armv7e-m\libc.a(lib_a-atexit.o)
 .text          0x00000000        0x0 c:/ac6/systemworkbench/plugins/fr.ac6.mcu.externaltools.arm-none.win32_1.0.0.201410081102/tools/compiler/bin/../lib/gcc/arm-none-eabi/4.8.4/../../../../arm-none-eabi/lib/armv7e-m\libc.a(lib_a-fini.o)
 .data          0x00000000        0x0 c:/ac6/systemworkbench/plugins/fr.ac6.mcu.externaltools.arm-none.win32_1.0.0.201410081102/tools/compiler/bin/../lib/gcc/arm-none-eabi/4.8.4/../../../../arm-none-eabi/lib/armv7e-m\libc.a(lib_a-fini.o)
 .bss           0x00000000        0x0 c:/ac6/systemworkbench/plugins/fr.ac6.mcu.externaltools.arm-none.win32_1.0.0.201410081102/tools/compiler/bin/../lib/gcc/arm-none-eabi/4.8.4/../../../../arm-none-eabi/lib/armv7e-m\libc.a(lib_a-fini.o)
 .text          0x00000000        0x0 c:/ac6/systemworkbench/plugins/fr.ac6.mcu.externaltools.arm-none.win32_1.0.0.201410081102/tools/compiler/bin/../lib/gcc/arm-none-eabi/4.8.4/../../../../arm-none-eabi/lib/armv7e-m\libc.a(lib_a-__atexit.o)
 .data          0x00000000        0x0 c:/ac6/systemworkbench/plugins/fr.ac6.mcu.externaltools.arm-none.win32_1.0.0.201410081102/tools/compiler/bin/../lib/gcc/arm-none-eabi/4.8.4/../../../../arm-none-eabi/lib/armv7e-m\libc.a(lib_a-__atexit.o)
 .bss           0x00000000        0x0 c:/ac6/systemworkbench/plugins/fr.ac6.mcu.externaltools.arm-none.win32_1.0.0.201410081102/tools/compiler/bin/../lib/gcc/arm-none-eabi/4.8.4/../../../../arm-none-eabi/lib/armv7e-m\libc.a(lib_a-__atexit.o)
 .text          0x00000000        0x0 c:/ac6/systemworkbench/plugins/fr.ac6.mcu.externaltools.arm-none.win32_1.0.0.201410081102/tools/compiler/bin/../lib/gcc/arm-none-eabi/4.8.4/armv7e-m/crtend.o
 .data          0x00000000        0x0 c:/ac6/systemworkbench/plugins/fr.ac6.mcu.externaltools.arm-none.win32_1.0.0.201410081102/tools/compiler/bin/../lib/gcc/arm-none-eabi/4.8.4/armv7e-m/crtend.o
 .bss           0x00000000        0x0 c:/ac6/systemworkbench/plugins/fr.ac6.mcu.externaltools.arm-none.win32_1.0.0.201410081102/tools/compiler/bin/../lib/gcc/arm-none-eabi/4.8.4/armv7e-m/crtend.o
 .eh_frame      0x00000000        0x4 c:/ac6/systemworkbench/plugins/fr.ac6.mcu.externaltools.arm-none.win32_1.0.0.201410081102/tools/compiler/bin/../lib/gcc/arm-none-eabi/4.8.4/armv7e-m/crtend.o
 .jcr           0x00000000        0x4 c:/ac6/systemworkbench/plugins/fr.ac6.mcu.externaltools.arm-none.win32_1.0.0.201410081102/tools/compiler/bin/../lib/gcc/arm-none-eabi/4.8.4/armv7e-m/crtend.o
 .ARM.attributes
                0x00000000       0x2e c:/ac6/systemworkbench/plugins/fr.ac6.mcu.externaltools.arm-none.win32_1.0.0.201410081102/tools/compiler/bin/../lib/gcc/arm-none-eabi/4.8.4/armv7e-m/crtend.o
 .text          0x00000000        0x0 c:/ac6/systemworkbench/plugins/fr.ac6.mcu.externaltools.arm-none.win32_1.0.0.201410081102/tools/compiler/bin/../lib/gcc/arm-none-eabi/4.8.4/armv7e-m/crtn.o
 .data          0x00000000        0x0 c:/ac6/systemworkbench/plugins/fr.ac6.mcu.externaltools.arm-none.win32_1.0.0.201410081102/tools/compiler/bin/../lib/gcc/arm-none-eabi/4.8.4/armv7e-m/crtn.o
 .bss           0x00000000        0x0 c:/ac6/systemworkbench/plugins/fr.ac6.mcu.externaltools.arm-none.win32_1.0.0.201410081102/tools/compiler/bin/../lib/gcc/arm-none-eabi/4.8.4/armv7e-m/crtn.o

Memory Configuration

Name             Origin             Length             Attributes
FLASH            0x08000000         0x00040000         xr
RAM              0x20000000         0x00010000         xrw
MEMORY_B1        0x60000000         0x00000000         xr
CCMRAM           0x10000000         0x00000000         rw
*default*        0x00000000         0xffffffff

Linker script and memory map

LOAD c:/ac6/systemworkbench/plugins/fr.ac6.mcu.externaltools.arm-none.win32_1.0.0.201410081102/tools/compiler/bin/../lib/gcc/arm-none-eabi/4.8.4/armv7e-m/crti.o
LOAD c:/ac6/systemworkbench/plugins/fr.ac6.mcu.externaltools.arm-none.win32_1.0.0.201410081102/tools/compiler/bin/../lib/gcc/arm-none-eabi/4.8.4/armv7e-m/crtbegin.o
LOAD c:/ac6/systemworkbench/plugins/fr.ac6.mcu.externaltools.arm-none.win32_1.0.0.201410081102/tools/compiler/bin/../lib/gcc/arm-none-eabi/4.8.4/../../../../arm-none-eabi/lib/armv7e-m/crt0.o
LOAD ./startup/startup_stm32f401xx.o
LOAD ./src/main.o
LOAD ./src/syscalls.o
LOAD ./src/system_stm32f4xx.o
LOAD C:\Users\Filippo\workspace\stm32f401c-disco_stdperiph_lib\Debug\libstm32f401c-disco_stdperiph_lib.a
START GROUP
LOAD c:/ac6/systemworkbench/plugins/fr.ac6.mcu.externaltools.arm-none.win32_1.0.0.201410081102/tools/compiler/bin/../lib/gcc/arm-none-eabi/4.8.4/armv7e-m\libgcc.a
LOAD c:/ac6/systemworkbench/plugins/fr.ac6.mcu.externaltools.arm-none.win32_1.0.0.201410081102/tools/compiler/bin/../lib/gcc/arm-none-eabi/4.8.4/../../../../arm-none-eabi/lib/armv7e-m\libc.a
END GROUP
LOAD c:/ac6/systemworkbench/plugins/fr.ac6.mcu.externaltools.arm-none.win32_1.0.0.201410081102/tools/compiler/bin/../lib/gcc/arm-none-eabi/4.8.4/armv7e-m/crtend.o
LOAD c:/ac6/systemworkbench/plugins/fr.ac6.mcu.externaltools.arm-none.win32_1.0.0.201410081102/tools/compiler/bin/../lib/gcc/arm-none-eabi/4.8.4/armv7e-m/crtn.o
                0x2000ffff                _estack = 0x2000ffff
                0x00000000                _Min_Heap_Size = 0x0
                0x00000400                _Min_Stack_Size = 0x400

.isr_vector     0x08000000      0x188
                0x08000000                . = ALIGN (0x4)
 *(.isr_vector)
 .isr_vector    0x08000000      0x188 ./startup/startup_stm32f401xx.o
                0x08000000                g_pfnVectors
                0x08000188                . = ALIGN (0x4)

.text           0x08000188      0x358
                0x08000188                . = ALIGN (0x4)
 *(.text)
 .text          0x08000188       0x54 c:/ac6/systemworkbench/plugins/fr.ac6.mcu.externaltools.arm-none.win32_1.0.0.201410081102/tools/compiler/bin/../lib/gcc/arm-none-eabi/4.8.4/armv7e-m/crtbegin.o
 *(.text*)
 .text.Reset_Handler
                0x080001dc       0x50 ./startup/startup_stm32f401xx.o
                0x080001dc                Reset_Handler
 .text.Default_Handler
                0x0800022c        0x4 ./startup/startup_stm32f401xx.o
                0x0800022c                RTC_Alarm_IRQHandler
                0x0800022c                EXTI2_IRQHandler
                0x0800022c                DebugMon_Handler
                0x0800022c                TIM1_CC_IRQHandler
                0x0800022c                DMA2_Stream5_IRQHandler
                0x0800022c                HardFault_Handler
                0x0800022c                DMA1_Stream5_IRQHandler
                0x0800022c                SysTick_Handler
                0x0800022c                PVD_IRQHandler
                0x0800022c                SDIO_IRQHandler
                0x0800022c                TAMP_STAMP_IRQHandler
                0x0800022c                PendSV_Handler
                0x0800022c                NMI_Handler
                0x0800022c                EXTI3_IRQHandler
                0x0800022c                TIM1_UP_TIM10_IRQHandler
                0x0800022c                I2C3_ER_IRQHandler
                0x0800022c                EXTI0_IRQHandler
                0x0800022c                I2C2_EV_IRQHandler
                0x0800022c                DMA1_Stream2_IRQHandler
                0x0800022c                FPU_IRQHandler
                0x0800022c                UsageFault_Handler
                0x0800022c                DMA2_Stream2_IRQHandler
                0x0800022c                SPI1_IRQHandler
                0x0800022c                TIM1_BRK_TIM9_IRQHandler
                0x0800022c                DMA2_Stream3_IRQHandler
                0x0800022c                USART6_IRQHandler
                0x0800022c                DMA2_Stream0_IRQHandler
                0x0800022c                TIM4_IRQHandler
                0x0800022c                I2C1_EV_IRQHandler
                0x0800022c                DMA1_Stream6_IRQHandler
                0x0800022c                DMA1_Stream1_IRQHandler
                0x0800022c                TIM3_IRQHandler
                0x0800022c                RCC_IRQHandler
                0x0800022c                Default_Handler
                0x0800022c                EXTI15_10_IRQHandler
                0x0800022c                ADC_IRQHandler
                0x0800022c                DMA1_Stream7_IRQHandler
                0x0800022c                TIM5_IRQHandler
                0x0800022c                DMA2_Stream7_IRQHandler
                0x0800022c                I2C3_EV_IRQHandler
                0x0800022c                EXTI9_5_IRQHandler
                0x0800022c                RTC_WKUP_IRQHandler
                0x0800022c                SPI2_IRQHandler
                0x0800022c                MemManage_Handler
                0x0800022c                DMA1_Stream0_IRQHandler
                0x0800022c                SVC_Handler
                0x0800022c                EXTI4_IRQHandler
                0x0800022c                WWDG_IRQHandler
                0x0800022c                TIM2_IRQHandler
                0x0800022c                OTG_FS_WKUP_IRQHandler
                0x0800022c                TIM1_TRG_COM_TIM11_IRQHandler
                0x0800022c                EXTI1_IRQHandler
                0x0800022c                USART2_IRQHandler
                0x0800022c                I2C2_ER_IRQHandler
                0x0800022c                DMA2_Stream1_IRQHandler
                0x0800022c                FLASH_IRQHandler
                0x0800022c                DMA2_Stream4_IRQHandler
                0x0800022c                BusFault_Handler
                0x0800022c                USART1_IRQHandler
                0x0800022c                OTG_FS_IRQHandler
                0x0800022c                SPI3_IRQHandler
                0x0800022c                DMA1_Stream4_IRQHandler
                0x0800022c                I2C1_ER_IRQHandler
                0x0800022c                DMA2_Stream6_IRQHandler
                0x0800022c                DMA1_Stream3_IRQHandler
 .text.main     0x08000230        0x8 ./src/main.o
                0x08000230                main
 .text.SystemInit
                0x08000238       0x58 ./src/system_stm32f4xx.o
                0x08000238                SystemInit
 .text.SetSysClock
                0x08000290       0xf0 ./src/system_stm32f4xx.o
 .text.__libc_init_array
                0x08000380       0x50 c:/ac6/systemworkbench/plugins/fr.ac6.mcu.externaltools.arm-none.win32_1.0.0.201410081102/tools/compiler/bin/../lib/gcc/arm-none-eabi/4.8.4/../../../../arm-none-eabi/lib/armv7e-m\libc.a(lib_a-init.o)
                0x08000380                __libc_init_array
 .text.startup.register_fini
                0x080003d0       0x14 c:/ac6/systemworkbench/plugins/fr.ac6.mcu.externaltools.arm-none.win32_1.0.0.201410081102/tools/compiler/bin/../lib/gcc/arm-none-eabi/4.8.4/../../../../arm-none-eabi/lib/armv7e-m\libc.a(lib_a-__call_atexit.o)
 .text.atexit   0x080003e4        0xc c:/ac6/systemworkbench/plugins/fr.ac6.mcu.externaltools.arm-none.win32_1.0.0.201410081102/tools/compiler/bin/../lib/gcc/arm-none-eabi/4.8.4/../../../../arm-none-eabi/lib/armv7e-m\libc.a(lib_a-atexit.o)
                0x080003e4                atexit
 .text.__libc_fini_array
                0x080003f0       0x30 c:/ac6/systemworkbench/plugins/fr.ac6.mcu.externaltools.arm-none.win32_1.0.0.201410081102/tools/compiler/bin/../lib/gcc/arm-none-eabi/4.8.4/../../../../arm-none-eabi/lib/armv7e-m\libc.a(lib_a-fini.o)
                0x080003f0                __libc_fini_array
 .text.__register_exitproc
                0x08000420       0xa8 c:/ac6/systemworkbench/plugins/fr.ac6.mcu.externaltools.arm-none.win32_1.0.0.201410081102/tools/compiler/bin/../lib/gcc/arm-none-eabi/4.8.4/../../../../arm-none-eabi/lib/armv7e-m\libc.a(lib_a-__atexit.o)
                0x08000420                __register_exitproc
 *(.glue_7)
 .glue_7        0x00000000        0x0 linker stubs
 *(.glue_7t)
 .glue_7t       0x00000000        0x0 linker stubs
 *(.eh_frame)
 .eh_frame      0x080004c8        0x0 c:/ac6/systemworkbench/plugins/fr.ac6.mcu.externaltools.arm-none.win32_1.0.0.201410081102/tools/compiler/bin/../lib/gcc/arm-none-eabi/4.8.4/armv7e-m/crtbegin.o
 *(.init)
 .init          0x080004c8        0x4 c:/ac6/systemworkbench/plugins/fr.ac6.mcu.externaltools.arm-none.win32_1.0.0.201410081102/tools/compiler/bin/../lib/gcc/arm-none-eabi/4.8.4/armv7e-m/crti.o
                0x080004c8                _init
 .init          0x080004cc        0x8 c:/ac6/systemworkbench/plugins/fr.ac6.mcu.externaltools.arm-none.win32_1.0.0.201410081102/tools/compiler/bin/../lib/gcc/arm-none-eabi/4.8.4/armv7e-m/crtn.o
 *(.fini)
 .fini          0x080004d4        0x4 c:/ac6/systemworkbench/plugins/fr.ac6.mcu.externaltools.arm-none.win32_1.0.0.201410081102/tools/compiler/bin/../lib/gcc/arm-none-eabi/4.8.4/armv7e-m/crti.o
                0x080004d4                _fini
 .fini          0x080004d8        0x8 c:/ac6/systemworkbench/plugins/fr.ac6.mcu.externaltools.arm-none.win32_1.0.0.201410081102/tools/compiler/bin/../lib/gcc/arm-none-eabi/4.8.4/armv7e-m/crtn.o
                0x080004e0                . = ALIGN (0x4)
                0x080004e0                _etext = .

.vfp11_veneer   0x080004e0        0x0
 .vfp11_veneer  0x00000000        0x0 linker stubs

.v4_bx          0x080004e0        0x0
 .v4_bx         0x00000000        0x0 linker stubs

.iplt           0x080004e0        0x0
 .iplt          0x00000000        0x0 c:/ac6/systemworkbench/plugins/fr.ac6.mcu.externaltools.arm-none.win32_1.0.0.201410081102/tools/compiler/bin/../lib/gcc/arm-none-eabi/4.8.4/armv7e-m/crtbegin.o

.rodata         0x080004e0        0x8
                0x080004e0                . = ALIGN (0x4)
 *(.rodata)
 *(.rodata*)
 .rodata.str1.4
                0x080004e0        0x4 c:/ac6/systemworkbench/plugins/fr.ac6.mcu.externaltools.arm-none.win32_1.0.0.201410081102/tools/compiler/bin/../lib/gcc/arm-none-eabi/4.8.4/../../../../arm-none-eabi/lib/armv7e-m\libc.a(lib_a-impure.o)
 .rodata._global_impure_ptr
                0x080004e4        0x4 c:/ac6/systemworkbench/plugins/fr.ac6.mcu.externaltools.arm-none.win32_1.0.0.201410081102/tools/compiler/bin/../lib/gcc/arm-none-eabi/4.8.4/../../../../arm-none-eabi/lib/armv7e-m\libc.a(lib_a-impure.o)
                0x080004e4                _global_impure_ptr
                0x080004e8                . = ALIGN (0x4)

.rel.dyn        0x080004e8        0x0
 .rel.iplt      0x00000000        0x0 c:/ac6/systemworkbench/plugins/fr.ac6.mcu.externaltools.arm-none.win32_1.0.0.201410081102/tools/compiler/bin/../lib/gcc/arm-none-eabi/4.8.4/armv7e-m/crtbegin.o

.ARM.extab
 *(.ARM.extab* .gnu.linkonce.armextab.*)

.ARM            0x080004e8        0x0
                0x080004e8                __exidx_start = .
 *(.ARM.exidx*)
                0x080004e8                __exidx_end = .

.preinit_array  0x080004e8        0x0
                0x080004e8                PROVIDE (__preinit_array_start, .)
 *(.preinit_array*)
                0x080004e8                PROVIDE (__preinit_array_end, .)

.init_array     0x080004e8        0x8
                0x080004e8                PROVIDE (__init_array_start, .)
 *(SORT(.init_array.*))
 .init_array.00000
                0x080004e8        0x4 c:/ac6/systemworkbench/plugins/fr.ac6.mcu.externaltools.arm-none.win32_1.0.0.201410081102/tools/compiler/bin/../lib/gcc/arm-none-eabi/4.8.4/../../../../arm-none-eabi/lib/armv7e-m\libc.a(lib_a-__call_atexit.o)
 *(.init_array*)
 .init_array    0x080004ec        0x4 c:/ac6/systemworkbench/plugins/fr.ac6.mcu.externaltools.arm-none.win32_1.0.0.201410081102/tools/compiler/bin/../lib/gcc/arm-none-eabi/4.8.4/armv7e-m/crtbegin.o
                0x080004f0                PROVIDE (__init_array_end, .)

.fini_array     0x080004f0        0x4
                0x080004f0                PROVIDE (__fini_array_start, .)
 *(SORT(.fini_array.*))
 *(.fini_array*)
 .fini_array    0x080004f0        0x4 c:/ac6/systemworkbench/plugins/fr.ac6.mcu.externaltools.arm-none.win32_1.0.0.201410081102/tools/compiler/bin/../lib/gcc/arm-none-eabi/4.8.4/armv7e-m/crtbegin.o
                0x080004f4                PROVIDE (__fini_array_end, .)
                0x080004f4                _sidata = LOADADDR (.data)

.data           0x20000000      0x428 load address 0x080004f4
                0x20000000                . = ALIGN (0x4)
                0x20000000                _sdata = .
 *(.data)
 *(.data*)
 .data.impure_data
                0x20000000      0x428 c:/ac6/systemworkbench/plugins/fr.ac6.mcu.externaltools.arm-none.win32_1.0.0.201410081102/tools/compiler/bin/../lib/gcc/arm-none-eabi/4.8.4/../../../../arm-none-eabi/lib/armv7e-m\libc.a(lib_a-impure.o)
                0x20000428                . = ALIGN (0x4)
                0x20000428                _edata = .
                0x0800091c                _siccmram = LOADADDR (.ccmram)

.jcr            0x20000428        0x0 load address 0x0800091c
 .jcr           0x20000428        0x0 c:/ac6/systemworkbench/plugins/fr.ac6.mcu.externaltools.arm-none.win32_1.0.0.201410081102/tools/compiler/bin/../lib/gcc/arm-none-eabi/4.8.4/armv7e-m/crtbegin.o

.igot.plt       0x20000428        0x0 load address 0x0800091c
 .igot.plt      0x00000000        0x0 c:/ac6/systemworkbench/plugins/fr.ac6.mcu.externaltools.arm-none.win32_1.0.0.201410081102/tools/compiler/bin/../lib/gcc/arm-none-eabi/4.8.4/armv7e-m/crtbegin.o

.ccmram         0x10000000        0x0 load address 0x0800091c
                0x10000000                . = ALIGN (0x4)
                0x10000000                _sccmram = .
 *(.ccmram)
 *(.ccmram*)
                0x10000000                . = ALIGN (0x4)
                0x10000000                _eccmram = .
                0x10000000                . = ALIGN (0x4)

.bss            0x20000428       0x1c
                0x20000428                _sbss = .
                0x20000428                __bss_start__ = _sbss
 *(.bss)
 .bss           0x20000428       0x1c c:/ac6/systemworkbench/plugins/fr.ac6.mcu.externaltools.arm-none.win32_1.0.0.201410081102/tools/compiler/bin/../lib/gcc/arm-none-eabi/4.8.4/armv7e-m/crtbegin.o
 *(.bss*)
 *(COMMON)
                0x20000444                . = ALIGN (0x4)
                0x20000444                _ebss = .
                0x20000444                __bss_end__ = _ebss

._user_heap_stack
                0x20000444      0x400
                0x20000444                . = ALIGN (0x4)
                0x20000444                PROVIDE (end, .)
                0x20000444                PROVIDE (_end, .)
                0x20000444                . = (. + _Min_Heap_Size)
                0x20000844                . = (. + _Min_Stack_Size)
 *fill*         0x20000444      0x400 
                0x20000844                . = ALIGN (0x4)

.memory_b1_text
 *(.mb1text)
 *(.mb1text*)
 *(.mb1rodata)
 *(.mb1rodata*)

/DISCARD/
 libc.a(*)
 libm.a(*)
 libgcc.a(*)

.ARM.attributes
                0x00000000       0x2a
 *(.ARM.attributes)
 .ARM.attributes
                0x00000000       0x1e c:/ac6/systemworkbench/plugins/fr.ac6.mcu.externaltools.arm-none.win32_1.0.0.201410081102/tools/compiler/bin/../lib/gcc/arm-none-eabi/4.8.4/armv7e-m/crti.o
 .ARM.attributes
                0x0000001e       0x2e c:/ac6/systemworkbench/plugins/fr.ac6.mcu.externaltools.arm-none.win32_1.0.0.201410081102/tools/compiler/bin/../lib/gcc/arm-none-eabi/4.8.4/armv7e-m/crtbegin.o
 .ARM.attributes
                0x0000004c       0x21 ./startup/startup_stm32f401xx.o
 .ARM.attributes
                0x0000006d       0x33 ./src/main.o
 .ARM.attributes
                0x000000a0       0x33 ./src/system_stm32f4xx.o
 .ARM.attributes
                0x000000d3       0x2e c:/ac6/systemworkbench/plugins/fr.ac6.mcu.externaltools.arm-none.win32_1.0.0.201410081102/tools/compiler/bin/../lib/gcc/arm-none-eabi/4.8.4/../../../../arm-none-eabi/lib/armv7e-m\libc.a(lib_a-impure.o)
 .ARM.attributes
                0x00000101       0x2e c:/ac6/systemworkbench/plugins/fr.ac6.mcu.externaltools.arm-none.win32_1.0.0.201410081102/tools/compiler/bin/../lib/gcc/arm-none-eabi/4.8.4/../../../../arm-none-eabi/lib/armv7e-m\libc.a(lib_a-init.o)
 .ARM.attributes
                0x0000012f       0x2e c:/ac6/systemworkbench/plugins/fr.ac6.mcu.externaltools.arm-none.win32_1.0.0.201410081102/tools/compiler/bin/../lib/gcc/arm-none-eabi/4.8.4/../../../../arm-none-eabi/lib/armv7e-m\libc.a(lib_a-__call_atexit.o)
 .ARM.attributes
                0x0000015d       0x2e c:/ac6/systemworkbench/plugins/fr.ac6.mcu.externaltools.arm-none.win32_1.0.0.201410081102/tools/compiler/bin/../lib/gcc/arm-none-eabi/4.8.4/../../../../arm-none-eabi/lib/armv7e-m\libc.a(lib_a-atexit.o)
 .ARM.attributes
                0x0000018b       0x2e c:/ac6/systemworkbench/plugins/fr.ac6.mcu.externaltools.arm-none.win32_1.0.0.201410081102/tools/compiler/bin/../lib/gcc/arm-none-eabi/4.8.4/../../../../arm-none-eabi/lib/armv7e-m\libc.a(lib_a-fini.o)
 .ARM.attributes
                0x000001b9       0x2e c:/ac6/systemworkbench/plugins/fr.ac6.mcu.externaltools.arm-none.win32_1.0.0.201410081102/tools/compiler/bin/../lib/gcc/arm-none-eabi/4.8.4/../../../../arm-none-eabi/lib/armv7e-m\libc.a(lib_a-__atexit.o)
 .ARM.attributes
                0x000001e7       0x1e c:/ac6/systemworkbench/plugins/fr.ac6.mcu.externaltools.arm-none.win32_1.0.0.201410081102/tools/compiler/bin/../lib/gcc/arm-none-eabi/4.8.4/armv7e-m/crtn.o
OUTPUT(0-1Functions.elf elf32-littlearm)

.debug_line     0x00000000      0xc41
 .debug_line    0x00000000       0x7d ./startup/startup_stm32f401xx.o
 .debug_line    0x0000007d      0x5dd ./src/main.o
 .debug_line    0x0000065a      0x5e7 ./src/system_stm32f4xx.o

.debug_info     0x00000000      0x6e1
 .debug_info    0x00000000       0x73 ./startup/startup_stm32f401xx.o
 .debug_info    0x00000073       0xb3 ./src/main.o
 .debug_info    0x00000126      0x5bb ./src/system_stm32f4xx.o

.debug_abbrev   0x00000000      0x1c8
 .debug_abbrev  0x00000000       0x12 ./startup/startup_stm32f401xx.o
 .debug_abbrev  0x00000012       0x6c ./src/main.o
 .debug_abbrev  0x0000007e      0x14a ./src/system_stm32f4xx.o

.debug_aranges  0x00000000       0x78
 .debug_aranges
                0x00000000       0x28 ./startup/startup_stm32f401xx.o
 .debug_aranges
                0x00000028       0x20 ./src/main.o
 .debug_aranges
                0x00000048       0x30 ./src/system_stm32f4xx.o

.debug_ranges   0x00000000       0x50
 .debug_ranges  0x00000000       0x20 ./startup/startup_stm32f401xx.o
 .debug_ranges  0x00000020       0x10 ./src/main.o
 .debug_ranges  0x00000030       0x20 ./src/system_stm32f4xx.o

.debug_macro    0x00000000     0xc89a
 .debug_macro   0x00000000      0x167 ./src/main.o
 .debug_macro   0x00000167      0x868 ./src/main.o
 .debug_macro   0x000009cf       0x64 ./src/main.o
 .debug_macro   0x00000a33       0x3b ./src/main.o
 .debug_macro   0x00000a6e       0x16 ./src/main.o
 .debug_macro   0x00000a84       0x44 ./src/main.o
 .debug_macro   0x00000ac8      0x209 ./src/main.o
 .debug_macro   0x00000cd1       0x2d ./src/main.o
 .debug_macro   0x00000cfe       0x42 ./src/main.o
 .debug_macro   0x00000d40      0xd39 ./src/main.o
 .debug_macro   0x00001a79     0x796c ./src/main.o
 .debug_macro   0x000093e5       0x16 ./src/main.o
 .debug_macro   0x000093fb      0x44f ./src/main.o
 .debug_macro   0x0000984a       0xb2 ./src/main.o
 .debug_macro   0x000098fc      0x477 ./src/main.o
 .debug_macro   0x00009d73       0xae ./src/main.o
 .debug_macro   0x00009e21      0x41c ./src/main.o
 .debug_macro   0x0000a23d      0x29d ./src/main.o
 .debug_macro   0x0000a4da      0x2bb ./src/main.o
 .debug_macro   0x0000a795       0x64 ./src/main.o
 .debug_macro   0x0000a7f9       0xcd ./src/main.o
 .debug_macro   0x0000a8c6      0x628 ./src/main.o
 .debug_macro   0x0000aeee       0x40 ./src/main.o
 .debug_macro   0x0000af2e      0x57b ./src/main.o
 .debug_macro   0x0000b4a9      0x342 ./src/main.o
 .debug_macro   0x0000b7eb      0x36c ./src/main.o
 .debug_macro   0x0000bb57       0xf0 ./src/main.o
 .debug_macro   0x0000bc47      0x73b ./src/main.o
 .debug_macro   0x0000c382      0x223 ./src/main.o
 .debug_macro   0x0000c5a5       0x34 ./src/main.o
 .debug_macro   0x0000c5d9       0x82 ./src/main.o
 .debug_macro   0x0000c65b       0x35 ./src/main.o
 .debug_macro   0x0000c690       0x88 ./src/main.o
 .debug_macro   0x0000c718      0x182 ./src/system_stm32f4xx.o

.debug_str      0x00000000    0x50670
 .debug_str     0x00000000    0x503dd ./src/main.o
                              0x50553 (size before relaxing)
 .debug_str     0x000503dd      0x293 ./src/system_stm32f4xx.o
                              0x50598 (size before relaxing)

.comment        0x00000000       0x70
 .comment       0x00000000       0x70 ./src/main.o
                                 0x71 (size before relaxing)
 .comment       0x00000000       0x71 ./src/system_stm32f4xx.o

.debug_frame    0x00000000      0x17c
 .debug_frame   0x00000000       0x28 ./src/main.o
 .debug_frame   0x00000028       0x64 ./src/system_stm32f4xx.o
 .debug_frame   0x0000008c       0x2c c:/ac6/systemworkbench/plugins/fr.ac6.mcu.externaltools.arm-none.win32_1.0.0.201410081102/tools/compiler/bin/../lib/gcc/arm-none-eabi/4.8.4/../../../../arm-none-eabi/lib/armv7e-m\libc.a(lib_a-init.o)
 .debug_frame   0x000000b8       0x48 c:/ac6/systemworkbench/plugins/fr.ac6.mcu.externaltools.arm-none.win32_1.0.0.201410081102/tools/compiler/bin/../lib/gcc/arm-none-eabi/4.8.4/../../../../arm-none-eabi/lib/armv7e-m\libc.a(lib_a-__call_atexit.o)
 .debug_frame   0x00000100       0x20 c:/ac6/systemworkbench/plugins/fr.ac6.mcu.externaltools.arm-none.win32_1.0.0.201410081102/tools/compiler/bin/../lib/gcc/arm-none-eabi/4.8.4/../../../../arm-none-eabi/lib/armv7e-m\libc.a(lib_a-atexit.o)
 .debug_frame   0x00000120       0x2c c:/ac6/systemworkbench/plugins/fr.ac6.mcu.externaltools.arm-none.win32_1.0.0.201410081102/tools/compiler/bin/../lib/gcc/arm-none-eabi/4.8.4/../../../../arm-none-eabi/lib/armv7e-m\libc.a(lib_a-fini.o)
 .debug_frame   0x0000014c       0x30 c:/ac6/systemworkbench/plugins/fr.ac6.mcu.externaltools.arm-none.win32_1.0.0.201410081102/tools/compiler/bin/../lib/gcc/arm-none-eabi/4.8.4/../../../../arm-none-eabi/lib/armv7e-m\libc.a(lib_a-__atexit.o)
